---
source: hydroflow/tests/surface_context.rs
expression: "df.meta_graph().unwrap().to_mermaid(&Default::default())"
---
%%{init:{'theme':'base','themeVariables':{'clusterBkg':'#ddd','clusterBorder':'#888'}}}%%
flowchart TD
classDef pullClass fill:#8af,stroke:#000,text-align:left,white-space:pre
classDef pushClass fill:#ff8,stroke:#000,text-align:left,white-space:pre
classDef otherClass fill:#fdc,stroke:#000,text-align:left,white-space:pre
linkStyle default stroke:#aaa
1v1[\"(1v1) <code>source_iter([()])</code>"/]:::pullClass
2v1[/"<div style=text-align:center>(2v1)</div> <code>for_each(|()| {<br>    println!(<br>        &quot;Current tick: {}, stratum: {}&quot;,<br>        context.current_tick(),<br>        context.current_stratum(),<br>    )<br>})</code>"\]:::pushClass
1v1-->2v1
subgraph sg_1v1 ["sg_1v1 stratum 0"]
    1v1
    2v1
end

