---
source: hydroflow/tests/surface_fold.rs
expression: "df.meta_graph().unwrap().to_mermaid(&Default::default())"
---
%%{init:{'theme':'base','themeVariables':{'clusterBkg':'#ddd','clusterBorder':'#888'}}}%%
flowchart TD
classDef pullClass fill:#8af,stroke:#000,text-align:left,white-space:pre
classDef pushClass fill:#ff8,stroke:#000,text-align:left,white-space:pre
classDef otherClass fill:#fdc,stroke:#000,text-align:left,white-space:pre
linkStyle default stroke:#aaa
1v1[\"(1v1) <code>source_stream(items_recv)</code>"/]:::pullClass
2v1[\"<div style=text-align:center>(2v1)</div> <code>fold::&lt;<br>    'tick,<br>&gt;(<br>    Vec::new,<br>    |old: &amp;mut Vec&lt;u32&gt;, mut x: Vec&lt;u32&gt;| {<br>        old.append(&amp;mut x);<br>    },<br>)</code>"/]:::pullClass
3v1[/"(3v1) <code>for_each(|v| result_send.send(v).unwrap())</code>"\]:::pushClass
4v1["(4v1) <code>handoff</code>"]:::otherClass
2v1-->3v1
1v1-->4v1
4v1--x2v1; linkStyle 2 stroke:red
subgraph sg_1v1 ["sg_1v1 stratum 0"]
    1v1
end
subgraph sg_2v1 ["sg_2v1 stratum 1"]
    2v1
    3v1
end

