---
source: dfir_datalog_core/src/lib.rs
expression: "prettyplease :: unparse(& wrapped)"
---
fn main() {
    {
        #[allow(unused_qualifications)]
        {
            use dfir_rs::{var_expr, var_args};
            let mut df = dfir_rs::scheduled::graph::dfir_rs::new();
            df.__assign_meta_graph(
                "{\"nodes\":[{\"value\":null,\"version\":0},{\"value\":null,\"version\":2},{\"value\":{\"Operator\":\"unique :: < 'tick > ()\"},\"version\":1},{\"value\":{\"Operator\":\"tee ()\"},\"version\":1},{\"value\":{\"Handoff\":{}},\"version\":3},{\"value\":{\"Operator\":\"unique :: < 'tick > ()\"},\"version\":1},{\"value\":{\"Handoff\":{}},\"version\":3},{\"value\":{\"Operator\":\"source_stream (input)\"},\"version\":1},{\"value\":{\"Operator\":\"for_each (| v | out . send (v) . unwrap ())\"},\"version\":1},{\"value\":{\"Operator\":\"join :: < 'tick , 'tick , hydroflow :: compiled :: pull :: HalfMultisetJoinState > ()\"},\"version\":1},{\"value\":{\"Operator\":\"map (| kv : ((_ ,) , ((_ ,) , (_ ,))) | (kv . 0 . 0 , kv . 1 . 0 . 0 , kv . 1 . 1 . 0 ,))\"},\"version\":1},{\"value\":{\"Operator\":\"map (| _v : (_ , _ ,) | ((_v . 0 ,) , (_v . 1 ,)))\"},\"version\":1},{\"value\":{\"Operator\":\"map (| _v : (_ , _ ,) | ((_v . 1 ,) , (_v . 0 ,)))\"},\"version\":1},{\"value\":{\"Operator\":\"map (| row : (_ , _ , _ ,) | ((row . 0 ,) , ()))\"},\"version\":1},{\"value\":{\"Operator\":\"map (| (g , a) : ((_ ,) , _) | (g . 0 ,))\"},\"version\":1}],\"graph\":[{\"value\":null,\"version\":0},{\"value\":[{\"idx\":7,\"version\":1},{\"idx\":2,\"version\":1}],\"version\":3},{\"value\":[{\"idx\":2,\"version\":1},{\"idx\":3,\"version\":1}],\"version\":1},{\"value\":[{\"idx\":14,\"version\":1},{\"idx\":5,\"version\":1}],\"version\":3},{\"value\":[{\"idx\":6,\"version\":3},{\"idx\":11,\"version\":1}],\"version\":3},{\"value\":null,\"version\":2},{\"value\":[{\"idx\":5,\"version\":1},{\"idx\":8,\"version\":1}],\"version\":3},{\"value\":[{\"idx\":9,\"version\":1},{\"idx\":10,\"version\":1}],\"version\":1},{\"value\":[{\"idx\":11,\"version\":1},{\"idx\":9,\"version\":1}],\"version\":1},{\"value\":[{\"idx\":3,\"version\":1},{\"idx\":6,\"version\":3}],\"version\":3},{\"value\":[{\"idx\":12,\"version\":1},{\"idx\":9,\"version\":1}],\"version\":1},{\"value\":[{\"idx\":3,\"version\":1},{\"idx\":4,\"version\":3}],\"version\":3},{\"value\":[{\"idx\":4,\"version\":3},{\"idx\":12,\"version\":1}],\"version\":3},{\"value\":[{\"idx\":13,\"version\":1},{\"idx\":14,\"version\":1}],\"version\":1},{\"value\":[{\"idx\":10,\"version\":1},{\"idx\":13,\"version\":1}],\"version\":1}],\"ports\":[{\"value\":null,\"version\":0},{\"value\":[\"Elided\",\"Elided\"],\"version\":3},{\"value\":[\"Elided\",\"Elided\"],\"version\":1},{\"value\":[\"Elided\",\"Elided\"],\"version\":3},{\"value\":[\"Elided\",\"Elided\"],\"version\":3},{\"value\":null,\"version\":0},{\"value\":[\"Elided\",\"Elided\"],\"version\":3},{\"value\":[\"Elided\",\"Elided\"],\"version\":1},{\"value\":[\"Elided\",{\"Int\":\"0\"}],\"version\":1},{\"value\":[{\"Int\":\"0\"},\"Elided\"],\"version\":3},{\"value\":[\"Elided\",{\"Int\":\"1\"}],\"version\":1},{\"value\":[{\"Int\":\"1\"},\"Elided\"],\"version\":3},{\"value\":[\"Elided\",\"Elided\"],\"version\":3},{\"value\":[\"Elided\",\"Elided\"],\"version\":1},{\"value\":[\"Elided\",\"Elided\"],\"version\":1}],\"node_loops\":[{\"value\":null,\"version\":0}],\"loop_nodes\":[{\"value\":null,\"version\":0}],\"loop_parent\":[{\"value\":null,\"version\":0}],\"loop_children\":[{\"value\":null,\"version\":0}],\"node_subgraph\":[{\"value\":null,\"version\":0},{\"value\":null,\"version\":0},{\"value\":{\"idx\":1,\"version\":1},\"version\":1},{\"value\":{\"idx\":1,\"version\":1},\"version\":1},{\"value\":null,\"version\":0},{\"value\":{\"idx\":2,\"version\":1},\"version\":1},{\"value\":null,\"version\":0},{\"value\":{\"idx\":1,\"version\":1},\"version\":1},{\"value\":{\"idx\":2,\"version\":1},\"version\":1},{\"value\":{\"idx\":2,\"version\":1},\"version\":1},{\"value\":{\"idx\":2,\"version\":1},\"version\":1},{\"value\":{\"idx\":2,\"version\":1},\"version\":1},{\"value\":{\"idx\":2,\"version\":1},\"version\":1},{\"value\":{\"idx\":2,\"version\":1},\"version\":1},{\"value\":{\"idx\":2,\"version\":1},\"version\":1}],\"subgraph_nodes\":[{\"value\":null,\"version\":0},{\"value\":[{\"idx\":7,\"version\":1},{\"idx\":2,\"version\":1},{\"idx\":3,\"version\":1}],\"version\":1},{\"value\":[{\"idx\":11,\"version\":1},{\"idx\":12,\"version\":1},{\"idx\":9,\"version\":1},{\"idx\":10,\"version\":1},{\"idx\":13,\"version\":1},{\"idx\":14,\"version\":1},{\"idx\":5,\"version\":1},{\"idx\":8,\"version\":1}],\"version\":1}],\"subgraph_stratum\":[{\"value\":null,\"version\":0},{\"value\":0,\"version\":1},{\"value\":0,\"version\":1}],\"node_singleton_references\":[{\"value\":null,\"version\":0},{\"value\":[],\"version\":1},{\"value\":[],\"version\":1},{\"value\":[],\"version\":1},{\"value\":[],\"version\":1},{\"value\":[],\"version\":1},{\"value\":[],\"version\":1},{\"value\":[],\"version\":1},{\"value\":[],\"version\":1},{\"value\":[],\"version\":1},{\"value\":[],\"version\":1},{\"value\":[],\"version\":1},{\"value\":[],\"version\":1},{\"value\":[],\"version\":1},{\"value\":[],\"version\":1}],\"node_varnames\":[{\"value\":null,\"version\":0},{\"value\":null,\"version\":0},{\"value\":\"input_insert\",\"version\":1},{\"value\":\"input\",\"version\":1},{\"value\":null,\"version\":0},{\"value\":\"out_insert\",\"version\":1},{\"value\":null,\"version\":0},{\"value\":null,\"version\":0},{\"value\":null,\"version\":0},{\"value\":\"join_2\",\"version\":1},{\"value\":\"join_2\",\"version\":1}],\"subgraph_laziness\":[{\"value\":null,\"version\":0}]}",
            );
            df.__assign_diagnostics("[]");
            let (hoff_4v3_send, hoff_4v3_recv) = df
                .make_edge::<
                    _,
                    dfir_rs::scheduled::handoff::VecHandoff<_>,
                >("handoff GraphNodeId(4v3)");
            let (hoff_6v3_send, hoff_6v3_recv) = df
                .make_edge::<
                    _,
                    dfir_rs::scheduled::handoff::VecHandoff<_>,
                >("handoff GraphNodeId(6v3)");
            let mut sg_1v1_node_7v1_stream = {
                #[inline(always)]
                fn check_stream<
                    Stream: dfir_rs::futures::stream::Stream<Item = Item>
                        + ::std::marker::Unpin,
                    Item,
                >(
                    stream: Stream,
                ) -> impl dfir_rs::futures::stream::Stream<
                    Item = Item,
                > + ::std::marker::Unpin {
                    stream
                }
                check_stream(input)
            };
            let sg_1v1_node_2v1_uniquedata = df
                .add_state(
                    ::std::cell::RefCell::new(
                        dfir_rs::util::monotonic_map::MonotonicMap::<
                            _,
                            dfir_rs::rustc_hash::FxHashSet<_>,
                        >::default(),
                    ),
                );
            let sg_2v1_node_9v1_joindata_lhs = df
                .add_state(
                    ::std::cell::RefCell::new(
                        dfir_rs::compiled::pull::HalfMultisetJoinState::default(),
                    ),
                );
            df.set_state_tick_hook(
                sg_2v1_node_9v1_joindata_lhs,
                |rcell| dfir_rs::util::clear::Clear::clear(rcell.get_mut()),
            );
            let sg_2v1_node_9v1_joindata_rhs = df
                .add_state(
                    ::std::cell::RefCell::new(
                        dfir_rs::compiled::pull::HalfMultisetJoinState::default(),
                    ),
                );
            df.set_state_tick_hook(
                sg_2v1_node_9v1_joindata_rhs,
                |rcell| dfir_rs::util::clear::Clear::clear(rcell.get_mut()),
            );
            let sg_2v1_node_5v1_uniquedata = df
                .add_state(
                    ::std::cell::RefCell::new(
                        dfir_rs::util::monotonic_map::MonotonicMap::<
                            _,
                            dfir_rs::rustc_hash::FxHashSet<_>,
                        >::default(),
                    ),
                );
            df.add_subgraph_stratified(
                "Subgraph GraphSubgraphId(1v1)",
                0,
                var_expr!(),
                var_expr!(hoff_4v3_send, hoff_6v3_send),
                false,
                move |context, var_args!(), var_args!(hoff_4v3_send, hoff_6v3_send)| {
                    let hoff_4v3_send = dfir_rs::pusherator::for_each::ForEach::new(|
                        v|
                    {
                        hoff_4v3_send.give(Some(v));
                    });
                    let hoff_6v3_send = dfir_rs::pusherator::for_each::ForEach::new(|
                        v|
                    {
                        hoff_6v3_send.give(Some(v));
                    });
                    let op_7v1 = std::iter::from_fn(|| {
                        match dfir_rs::futures::stream::Stream::poll_next(
                            ::std::pin::Pin::new(&mut sg_1v1_node_7v1_stream),
                            &mut std::task::Context::from_waker(&context.waker()),
                        ) {
                            std::task::Poll::Ready(maybe) => maybe,
                            std::task::Poll::Pending => None,
                        }
                    });
                    let op_7v1 = {
                        #[allow(non_snake_case)]
                        #[inline(always)]
                        pub fn op_7v1__source_stream__loc_nopath_2_26_2_46<
                            Item,
                            Input: ::std::iter::Iterator<Item = Item>,
                        >(input: Input) -> impl ::std::iter::Iterator<Item = Item> {
                            #[repr(transparent)]
                            struct Pull<
                                Item,
                                Input: ::std::iter::Iterator<Item = Item>,
                            > {
                                inner: Input,
                            }
                            impl<
                                Item,
                                Input: ::std::iter::Iterator<Item = Item>,
                            > Iterator for Pull<Item, Input> {
                                type Item = Item;
                                #[inline(always)]
                                fn next(&mut self) -> Option<Self::Item> {
                                    self.inner.next()
                                }
                                #[inline(always)]
                                fn size_hint(&self) -> (usize, Option<usize>) {
                                    self.inner.size_hint()
                                }
                            }
                            Pull { inner: input }
                        }
                        op_7v1__source_stream__loc_nopath_2_26_2_46(op_7v1)
                    };
                    let op_2v1 = op_7v1
                        .filter(|item| {
                            let mut borrow = context
                                .state_ref(sg_1v1_node_2v1_uniquedata)
                                .borrow_mut();
                            let set = borrow
                                .get_mut_clear((
                                    context.current_tick(),
                                    context.current_stratum(),
                                ));
                            if !set.contains(item) {
                                set.insert(::std::clone::Clone::clone(item));
                                true
                            } else {
                                false
                            }
                        });
                    let op_2v1 = {
                        #[allow(non_snake_case)]
                        #[inline(always)]
                        pub fn op_2v1__unique__loc_nopath_2_19_2_24<
                            Item,
                            Input: ::std::iter::Iterator<Item = Item>,
                        >(input: Input) -> impl ::std::iter::Iterator<Item = Item> {
                            #[repr(transparent)]
                            struct Pull<
                                Item,
                                Input: ::std::iter::Iterator<Item = Item>,
                            > {
                                inner: Input,
                            }
                            impl<
                                Item,
                                Input: ::std::iter::Iterator<Item = Item>,
                            > Iterator for Pull<Item, Input> {
                                type Item = Item;
                                #[inline(always)]
                                fn next(&mut self) -> Option<Self::Item> {
                                    self.inner.next()
                                }
                                #[inline(always)]
                                fn size_hint(&self) -> (usize, Option<usize>) {
                                    self.inner.size_hint()
                                }
                            }
                            Pull { inner: input }
                        }
                        op_2v1__unique__loc_nopath_2_19_2_24(op_2v1)
                    };
                    let op_3v1 = dfir_rs::pusherator::tee::Tee::new(
                        hoff_6v3_send,
                        hoff_4v3_send,
                    );
                    let op_3v1 = {
                        #[allow(non_snake_case)]
                        #[inline(always)]
                        pub fn op_3v1__tee__loc_nopath_2_19_2_24<
                            Item,
                            Input: dfir_rs::pusherator::Pusherator<Item = Item>,
                        >(
                            input: Input,
                        ) -> impl dfir_rs::pusherator::Pusherator<Item = Item> {
                            #[repr(transparent)]
                            struct Push<
                                Item,
                                Input: dfir_rs::pusherator::Pusherator<Item = Item>,
                            > {
                                inner: Input,
                            }
                            impl<
                                Item,
                                Input: dfir_rs::pusherator::Pusherator<Item = Item>,
                            > dfir_rs::pusherator::Pusherator for Push<Item, Input> {
                                type Item = Item;
                                #[inline(always)]
                                fn give(&mut self, item: Self::Item) {
                                    self.inner.give(item)
                                }
                            }
                            Push { inner: input }
                        }
                        op_3v1__tee__loc_nopath_2_19_2_24(op_3v1)
                    };
                    #[inline(always)]
                    fn pivot_run_sg_1v1<
                        Pull: ::std::iter::Iterator<Item = Item>,
                        Push: dfir_rs::pusherator::Pusherator<Item = Item>,
                        Item,
                    >(pull: Pull, push: Push) {
                        dfir_rs::pusherator::pivot::Pivot::new(pull, push).run();
                    }
                    pivot_run_sg_1v1(op_2v1, op_3v1);
                },
            );
            df.add_subgraph_stratified(
                "Subgraph GraphSubgraphId(2v1)",
                0,
                var_expr!(hoff_4v3_recv, hoff_6v3_recv),
                var_expr!(),
                false,
                move |context, var_args!(hoff_4v3_recv, hoff_6v3_recv), var_args!()| {
                    let mut hoff_4v3_recv = hoff_4v3_recv.borrow_mut_swap();
                    let hoff_4v3_recv = hoff_4v3_recv.drain(..);
                    let mut hoff_6v3_recv = hoff_6v3_recv.borrow_mut_swap();
                    let hoff_6v3_recv = hoff_6v3_recv.drain(..);
                    #[allow(
                        clippy::map_clone,
                        reason = "hydroflow has no explicit `cloned`/`copied` operator"
                    )]
                    let op_11v1 = hoff_6v3_recv.map(|_v: (_, _)| ((_v.0,), (_v.1,)));
                    let op_11v1 = {
                        #[allow(non_snake_case)]
                        #[inline(always)]
                        pub fn op_11v1__map__loc_nopath_5_22_5_33<
                            Item,
                            Input: ::std::iter::Iterator<Item = Item>,
                        >(input: Input) -> impl ::std::iter::Iterator<Item = Item> {
                            #[repr(transparent)]
                            struct Pull<
                                Item,
                                Input: ::std::iter::Iterator<Item = Item>,
                            > {
                                inner: Input,
                            }
                            impl<
                                Item,
                                Input: ::std::iter::Iterator<Item = Item>,
                            > Iterator for Pull<Item, Input> {
                                type Item = Item;
                                #[inline(always)]
                                fn next(&mut self) -> Option<Self::Item> {
                                    self.inner.next()
                                }
                                #[inline(always)]
                                fn size_hint(&self) -> (usize, Option<usize>) {
                                    self.inner.size_hint()
                                }
                            }
                            Pull { inner: input }
                        }
                        op_11v1__map__loc_nopath_5_22_5_33(op_11v1)
                    };
                    #[allow(
                        clippy::map_clone,
                        reason = "hydroflow has no explicit `cloned`/`copied` operator"
                    )]
                    let op_12v1 = hoff_4v3_recv.map(|_v: (_, _)| ((_v.1,), (_v.0,)));
                    let op_12v1 = {
                        #[allow(non_snake_case)]
                        #[inline(always)]
                        pub fn op_12v1__map__loc_nopath_5_35_5_46<
                            Item,
                            Input: ::std::iter::Iterator<Item = Item>,
                        >(input: Input) -> impl ::std::iter::Iterator<Item = Item> {
                            #[repr(transparent)]
                            struct Pull<
                                Item,
                                Input: ::std::iter::Iterator<Item = Item>,
                            > {
                                inner: Input,
                            }
                            impl<
                                Item,
                                Input: ::std::iter::Iterator<Item = Item>,
                            > Iterator for Pull<Item, Input> {
                                type Item = Item;
                                #[inline(always)]
                                fn next(&mut self) -> Option<Self::Item> {
                                    self.inner.next()
                                }
                                #[inline(always)]
                                fn size_hint(&self) -> (usize, Option<usize>) {
                                    self.inner.size_hint()
                                }
                            }
                            Pull { inner: input }
                        }
                        op_12v1__map__loc_nopath_5_35_5_46(op_12v1)
                    };
                    let mut sg_2v1_node_9v1_joindata_lhs_borrow = context
                        .state_ref(sg_2v1_node_9v1_joindata_lhs)
                        .borrow_mut();
                    let mut sg_2v1_node_9v1_joindata_rhs_borrow = context
                        .state_ref(sg_2v1_node_9v1_joindata_rhs)
                        .borrow_mut();
                    let op_9v1 = {
                        #[inline(always)]
                        fn check_inputs<'a, K, I1, V1, I2, V2>(
                            lhs: I1,
                            rhs: I2,
                            lhs_state: &'a mut dfir_rs::compiled::pull::HalfMultisetJoinState<
                                K,
                                V1,
                                V2,
                            >,
                            rhs_state: &'a mut dfir_rs::compiled::pull::HalfMultisetJoinState<
                                K,
                                V2,
                                V1,
                            >,
                            is_new_tick: bool,
                        ) -> impl 'a + Iterator<Item = (K, (V1, V2))>
                        where
                            K: Eq + std::hash::Hash + Clone,
                            V1: Clone,
                            V2: Clone,
                            I1: 'a + Iterator<Item = (K, V1)>,
                            I2: 'a + Iterator<Item = (K, V2)>,
                        {
                            dfir_rs::compiled::pull::symmetric_hash_join_into_iter(
                                lhs,
                                rhs,
                                lhs_state,
                                rhs_state,
                                is_new_tick,
                            )
                        }
                        check_inputs(
                            op_11v1,
                            op_12v1,
                            &mut *sg_2v1_node_9v1_joindata_lhs_borrow,
                            &mut *sg_2v1_node_9v1_joindata_rhs_borrow,
                            context.is_first_run_this_tick(),
                        )
                    };
                    let op_9v1 = {
                        #[allow(non_snake_case)]
                        #[inline(always)]
                        pub fn op_9v1__join__loc_nopath_5_12_5_47<
                            Item,
                            Input: ::std::iter::Iterator<Item = Item>,
                        >(input: Input) -> impl ::std::iter::Iterator<Item = Item> {
                            #[repr(transparent)]
                            struct Pull<
                                Item,
                                Input: ::std::iter::Iterator<Item = Item>,
                            > {
                                inner: Input,
                            }
                            impl<
                                Item,
                                Input: ::std::iter::Iterator<Item = Item>,
                            > Iterator for Pull<Item, Input> {
                                type Item = Item;
                                #[inline(always)]
                                fn next(&mut self) -> Option<Self::Item> {
                                    self.inner.next()
                                }
                                #[inline(always)]
                                fn size_hint(&self) -> (usize, Option<usize>) {
                                    self.inner.size_hint()
                                }
                            }
                            Pull { inner: input }
                        }
                        op_9v1__join__loc_nopath_5_12_5_47(op_9v1)
                    };
                    #[allow(
                        clippy::map_clone,
                        reason = "hydroflow has no explicit `cloned`/`copied` operator"
                    )]
                    let op_10v1 = op_9v1
                        .map(|kv: ((_,), ((_,), (_,)))| (kv.0.0, kv.1.0.0, kv.1.1.0));
                    let op_10v1 = {
                        #[allow(non_snake_case)]
                        #[inline(always)]
                        pub fn op_10v1__map__loc_nopath_5_12_5_47<
                            Item,
                            Input: ::std::iter::Iterator<Item = Item>,
                        >(input: Input) -> impl ::std::iter::Iterator<Item = Item> {
                            #[repr(transparent)]
                            struct Pull<
                                Item,
                                Input: ::std::iter::Iterator<Item = Item>,
                            > {
                                inner: Input,
                            }
                            impl<
                                Item,
                                Input: ::std::iter::Iterator<Item = Item>,
                            > Iterator for Pull<Item, Input> {
                                type Item = Item;
                                #[inline(always)]
                                fn next(&mut self) -> Option<Self::Item> {
                                    self.inner.next()
                                }
                                #[inline(always)]
                                fn size_hint(&self) -> (usize, Option<usize>) {
                                    self.inner.size_hint()
                                }
                            }
                            Pull { inner: input }
                        }
                        op_10v1__map__loc_nopath_5_12_5_47(op_10v1)
                    };
                    #[allow(
                        clippy::map_clone,
                        reason = "hydroflow has no explicit `cloned`/`copied` operator"
                    )]
                    let op_13v1 = op_10v1.map(|row: (_, _, _)| ((row.0,), ()));
                    let op_13v1 = {
                        #[allow(non_snake_case)]
                        #[inline(always)]
                        pub fn op_13v1__map__loc_nopath_1_0_1_0<
                            Item,
                            Input: ::std::iter::Iterator<Item = Item>,
                        >(input: Input) -> impl ::std::iter::Iterator<Item = Item> {
                            #[repr(transparent)]
                            struct Pull<
                                Item,
                                Input: ::std::iter::Iterator<Item = Item>,
                            > {
                                inner: Input,
                            }
                            impl<
                                Item,
                                Input: ::std::iter::Iterator<Item = Item>,
                            > Iterator for Pull<Item, Input> {
                                type Item = Item;
                                #[inline(always)]
                                fn next(&mut self) -> Option<Self::Item> {
                                    self.inner.next()
                                }
                                #[inline(always)]
                                fn size_hint(&self) -> (usize, Option<usize>) {
                                    self.inner.size_hint()
                                }
                            }
                            Pull { inner: input }
                        }
                        op_13v1__map__loc_nopath_1_0_1_0(op_13v1)
                    };
                    #[allow(
                        clippy::map_clone,
                        reason = "hydroflow has no explicit `cloned`/`copied` operator"
                    )]
                    let op_14v1 = op_13v1.map(|(g, a): ((_,), _)| (g.0,));
                    let op_14v1 = {
                        #[allow(non_snake_case)]
                        #[inline(always)]
                        pub fn op_14v1__map__loc_nopath_1_0_1_0<
                            Item,
                            Input: ::std::iter::Iterator<Item = Item>,
                        >(input: Input) -> impl ::std::iter::Iterator<Item = Item> {
                            #[repr(transparent)]
                            struct Pull<
                                Item,
                                Input: ::std::iter::Iterator<Item = Item>,
                            > {
                                inner: Input,
                            }
                            impl<
                                Item,
                                Input: ::std::iter::Iterator<Item = Item>,
                            > Iterator for Pull<Item, Input> {
                                type Item = Item;
                                #[inline(always)]
                                fn next(&mut self) -> Option<Self::Item> {
                                    self.inner.next()
                                }
                                #[inline(always)]
                                fn size_hint(&self) -> (usize, Option<usize>) {
                                    self.inner.size_hint()
                                }
                            }
                            Pull { inner: input }
                        }
                        op_14v1__map__loc_nopath_1_0_1_0(op_14v1)
                    };
                    let op_5v1 = op_14v1
                        .filter(|item| {
                            let mut borrow = context
                                .state_ref(sg_2v1_node_5v1_uniquedata)
                                .borrow_mut();
                            let set = borrow
                                .get_mut_clear((
                                    context.current_tick(),
                                    context.current_stratum(),
                                ));
                            if !set.contains(item) {
                                set.insert(::std::clone::Clone::clone(item));
                                true
                            } else {
                                false
                            }
                        });
                    let op_5v1 = {
                        #[allow(non_snake_case)]
                        #[inline(always)]
                        pub fn op_5v1__unique__loc_nopath_3_20_3_23<
                            Item,
                            Input: ::std::iter::Iterator<Item = Item>,
                        >(input: Input) -> impl ::std::iter::Iterator<Item = Item> {
                            #[repr(transparent)]
                            struct Pull<
                                Item,
                                Input: ::std::iter::Iterator<Item = Item>,
                            > {
                                inner: Input,
                            }
                            impl<
                                Item,
                                Input: ::std::iter::Iterator<Item = Item>,
                            > Iterator for Pull<Item, Input> {
                                type Item = Item;
                                #[inline(always)]
                                fn next(&mut self) -> Option<Self::Item> {
                                    self.inner.next()
                                }
                                #[inline(always)]
                                fn size_hint(&self) -> (usize, Option<usize>) {
                                    self.inner.size_hint()
                                }
                            }
                            Pull { inner: input }
                        }
                        op_5v1__unique__loc_nopath_3_20_3_23(op_5v1)
                    };
                    let op_8v1 = dfir_rs::pusherator::for_each::ForEach::new(|v| {
                        out.send(v).unwrap()
                    });
                    let op_8v1 = {
                        #[allow(non_snake_case)]
                        #[inline(always)]
                        pub fn op_8v1__for_each__loc_nopath_3_25_3_59<
                            Item,
                            Input: dfir_rs::pusherator::Pusherator<Item = Item>,
                        >(
                            input: Input,
                        ) -> impl dfir_rs::pusherator::Pusherator<Item = Item> {
                            #[repr(transparent)]
                            struct Push<
                                Item,
                                Input: dfir_rs::pusherator::Pusherator<Item = Item>,
                            > {
                                inner: Input,
                            }
                            impl<
                                Item,
                                Input: dfir_rs::pusherator::Pusherator<Item = Item>,
                            > dfir_rs::pusherator::Pusherator for Push<Item, Input> {
                                type Item = Item;
                                #[inline(always)]
                                fn give(&mut self, item: Self::Item) {
                                    self.inner.give(item)
                                }
                            }
                            Push { inner: input }
                        }
                        op_8v1__for_each__loc_nopath_3_25_3_59(op_8v1)
                    };
                    #[inline(always)]
                    fn pivot_run_sg_2v1<
                        Pull: ::std::iter::Iterator<Item = Item>,
                        Push: dfir_rs::pusherator::Pusherator<Item = Item>,
                        Item,
                    >(pull: Pull, push: Push) {
                        dfir_rs::pusherator::pivot::Pivot::new(pull, push).run();
                    }
                    pivot_run_sg_2v1(op_5v1, op_8v1);
                },
            );
            df
        }
    }
}
